// Jest Snapshot v1, https://goo.gl/fbAQLP

exports[`node-task-queue default normal queue with 1 concurrent 1`] = `
[
  [
    1,
  ],
  [
    2,
  ],
  [
    3,
  ],
]
`;

exports[`node-task-queue default normal queue with 2 concurrent 1`] = `
[
  [
    1,
  ],
  [
    3,
  ],
  [
    2,
  ],
]
`;

exports[`node-task-queue default normal queue with cancel 1`] = `
[
  [
    1,
  ],
  [
    3,
  ],
]
`;

exports[`node-task-queue default normal queue with pause 1`] = `
[
  [
    1,
  ],
  [
    2,
  ],
]
`;
